// Jest Snapshot v1, https://goo.gl/fbAQLP

exports[`CognitiveResults renders components 1`] = `
<section>
  <img
    alt="Brain"
    src="https://cdn.traitify.com/images/cognitive/brain.png"
  />
  <h1>
    Thank you for taking the assessment.
  </h1>
  <p>
    To learn more about the assessment you just took, please visit 
    <a
      href="https://www.traitify.com"
    >
      Traitify.com
    </a>
    .
  </p>
</section>
`;
