// Jest Snapshot v1, https://goo.gl/fbAQLP

exports[`PersonalityScoreBar renders component 1`] = `
<div>
  <h1>
    Financial Risk Score: 
    <span>
      41.57
    </span>
  </h1>
  <div>
    <div>
      <div>
        0
      </div>
      <div>
        100
      </div>
    </div>
    <div>
      <div>
         
      </div>
      <div>
         
      </div>
      <div>
         
      </div>
      <div>
         
      </div>
      <div>
         
      </div>
    </div>
    <div>
      <div>
         
      </div>
      <div
        style={
          Object {
            "marginLeft": "41.57%",
          }
        }
      >
         
      </div>
      <div>
         
      </div>
    </div>
  </div>
</div>
`;

exports[`PersonalityScoreBar renders nothing if not ready 1`] = `null`;
