// Jest Snapshot v1, https://goo.gl/fbAQLP

exports[`NotReady renders component 1`] = `
<div>
  <div>
    <div>
      <div>
        <i />
        <i />
      </div>
    </div>
  </div>
</div>
`;

exports[`NotReady renders retry button if error 1`] = `
<div>
  <div>
    <div>
      <div>
        Oh no
      </div>
      <button
        onClick={[MockFunction retry]}
        type="button"
      >
        try_again
      </button>
    </div>
  </div>
</div>
`;
