// Jest Snapshot v1, https://goo.gl/fbAQLP

exports[`PersonalityType renders component 1`] = `
<li
  className="type"
  style={
    Object {
      "borderLeft": "5px solid #29B770",
    }
  }
>
  <div
    className="main"
    style={
      Object {
        "background": "rgba(41,183,112,0.085)",
      }
    }
  >
    <div
      className="content"
    >
      <h2
        className="title"
      >
        Agreeableness
        <span
          className="score"
        >
          9
           - 
          Medium
        </span>
      </h2>
    </div>
  </div>
</li>
`;
